// Vitest Snapshot v1, https://vitest.dev/guide/snapshot.html

exports[`CartBtn > matches snapshot 1`] = `
<div>
  <button
    class="_btn_b818be "
  >
    <img
      alt="cart"
      class="_cart_b818be"
      src="data:image/svg+xml,%3csvg%20xmlns='http://www.w3.org/2000/svg'%20width='48'%20height='48'%20viewBox='0%200%2024%2024'%3e%3cpath%20fill='currentColor'%20d='M0%201h4.764l.545%202h18.078l-3.666%2011H7.78l-.5%202H22v2H4.72l1.246-4.989L3.236%203H0V1Zm7.764%2011h10.515l2.334-7H5.855l1.909%207ZM4%2021a2%202%200%201%201%204%200a2%202%200%200%201-4%200Zm14%200a2%202%200%201%201%204%200a2%202%200%200%201-4%200Z'/%3e%3c/svg%3e"
    />
    <img
      alt="back"
      class="_back_b818be"
      src="data:image/svg+xml,%3c?xml%20version='1.0'%20encoding='UTF-8'%20standalone='no'?%3e%3csvg%20width='48px'%20height='48px'%20viewBox='0%200%2018%2020'%20version='1.1'%20xmlns='http://www.w3.org/2000/svg'%20xmlns:xlink='http://www.w3.org/1999/xlink'%3e%3c!--%20Generator:%20Sketch%2041.2%20(35397)%20-%20http://www.bohemiancoding.com/sketch%20--%3e%3ctitle%3eic_back%3c/title%3e%3cdesc%3eCreated%20with%20Sketch.%3c/desc%3e%3cdefs%3e%3c/defs%3e%3cg%20id='Icons'%20stroke='none'%20stroke-width='1'%20fill='none'%20fill-rule='evenodd'%20stroke-linecap='round'%20stroke-linejoin='round'%3e%3cg%20id='24-px-Icons'%20transform='translate(-219.000000,%20-26.000000)'%20stroke='%23000000'%3e%3cg%20id='ic_back'%20transform='translate(216.000000,%2024.000000)'%3e%3cg%20transform='translate(12.000000,%2012.000000)%20scale(-1,%201)%20translate(-12.000000,%20-12.000000)%20'%20id='forward'%3e%3cg%20transform='translate(4.000000,%203.000000)'%20stroke-width='2'%3e%3cpath%20d='M0,9%20L16,9'%20id='Line'%3e%3c/path%3e%3cpath%20d='M16,9%20L7.93774223,0.937742233'%20id='Line'%3e%3c/path%3e%3cpath%20d='M16,9%20L7.93774223,17.0622578'%20id='Line'%3e%3c/path%3e%3c/g%3e%3c/g%3e%3c/g%3e%3c/g%3e%3c/g%3e%3c/svg%3e"
    />
    <p
      class="_quantity_b818be"
    >
      4
    </p>
  </button>
</div>
`;
